##########^^^^^^^^^^^^^^^^^^^^^^^^^^########^###^#^^^^######^^***^^^############^#^#^#^^^###^^^#####
#######^^^^^^^^^^^^^^##^^^^^^^^^^^^^^^########^^^#^^^^^^##^^^^^^^^^^^^^^######^^^^^^^^^^^^^#^^^^^^^#
##^^^^^^^^^^^^^^^^######^^^^^^^^^^^^^^^^^####^^^^^^^^^^^^^^^^^^^^^^^^^^^^^^^^^^^^^#^^^####^^^^#^^^^#
^^^^^^^^^^^^^                 ^^^ ^             ^^^^^^^^   ^       ^^^^^^    ^^^^   ^+    ^^^^^^ ^ ^
^^^^                                                ^^                             ^^^  33333 ^^^   
^%%                 .     .                                                             33333  ^^ ^ 
%%%%            tttttttTtttttttt                                                                 ^^^
%%%%%%%     tttttttttttttttttttttttttt                                                             ^
%%%%&%%%%%tttttttttttttttttt   ttttttttt                                                            
%%%%%%%%%%%xttttttttttttt   x   ttttttttttt                      +                                 _
%%%%%%%%%%%%xxtttttttttttt      tttttttttttttt                                                   ___
%%%%%%%%%%%%%xxxxttttttttttt  tttttttttttttttttt                                      ______________
%%%%%%%%%xxxxxxxttttttttttttttttttttt      tttttttt                                      __________$
%%%%%%xxxxxxxtttttttttttttttttt          ttttttttt                                            ______
%%%%xxxxxxxttttttttttttttttt            tttttttttt                                                  
%%xxxxxtttttttttttttttt                   tttt  .                                                   
xxxxttttttttttt                             t                                                       
xxttttttttt 00000                                                                                   
xttttt      00000                                                                                   
ttt                                                                                                 
                                              xxxxxxxxx                                 xxxxxxx     
xxxxxxxxtxx                                   ~~~~~~~~~                                 ~~~~~~~     
~~~~~~~~~~~xxxxxxxxx              xxttttxxxx~~~xxxt   x~~~~~~~~~~~~~~xxxxxxxxxxxx~~~~~~~~ txxxt~~~~~
xtttxxxxxx~~~~~~~~~~xtxxtxttxxxxxx~~~~~~~~~~xxx     xtxxxxxxxxxtx xx~~~~~~~~~~~~~xxtxxtxxt     xxtXx
       x  xxxxtxxx x~~~~~~~~~~~~~~~ttxtxxxtxx   *** xttx           xtttttt ttxxt  x         xx      
             xxxx  txxxxxxxxtxtxxttx             *       ttt  t                                     
                                                                            22222                   
                                                                            22222                   
    ####                               ####                                                         
    #^^#               ^^^^            #^^#                   ###                                   
    ^  ^                 ^             ^^^^          ##                   ^^^                       
            +                 ~~~~~xt    x          ^^^^                                            
                              ~~~%%%~       x         x      tx       xt              ***           
                        %%%%~~~~~~&%%%%xt xttttx         x   xx x     xx     x xxxxxx  x      ttt   
                    %%%~~~~~~~~~~~~~~%%%%%xxxx         x           x          x   x xx   x  x       
                ~~~~~~%%%%%%%%%%%%~~~~~~~~~~%%%xxxt    x    x             x             xx         +
        %%%%%%%%%%%%~~~~~~~~~~~~~~~~~~~~~~~~~~~~~~%%%xx x      x               x   .                
    %%%%%%%%~~~~~~~~~~~~~~~~~~~~~~~~~~~~~~~~~~~~~~~~~~~%%%%%              x              x        x 
%%%%%%~~~~~~~~~~~~~~~~~~~~~~~~     ~~~~~~~~~~~~~~~~~~~~~~~~%%%       x            x            x    
%%~~~~~~~~~~~~~~~~~~~~~~~~~~~       ~~~~~~~~~~~~~~~~~~~~~~%%%%%xxt x                    x           
%~~~~~~~~~~~~~~~~~~~~~~~~~~~~  $$   ~~~~~~~~~~~~~~~~~~~~~~~~%%%ttttt          x                    x
%~~~~~~~~~~~~~~~~~~~~~~~~~~~~       ~~~~~~~~~~~~~~~~~~~~~~~~~%%%tttttt                 x     x      
%%~~~~~~~~~~~~~~~~~~~~~~~~~~~~     ~~~~~~~~~~~~~~~~~~~~~~~~~%%%%%%&xtttt          x                 
%%~~~~~~~~~~~~~~~~~~~~~~~~~~~~~~~~~~~~~~~~~~~~~~~~~~~%%%%%%%%%%%%%%%%%%ttttttt              x     x 
%%%%~~~~~~~~~~~~~~~~~~~~~~~~~~~~~~~~~~~~~~~~%%%%%%%%%%%%%+%%%%%%%%%%%%%%%%%xxxxxxxxxxttt  xt    x   
%%%~~~~~~~~~~~~~~~~~~~~~~~~~~~~~~~~~~~~%%%%%%%%%%%%%%%%%%%%%%%%%%xxxxxxxxxxxxxxxttttttttt           
%%~~~~~~~~~~~~~~~~~~~~~~~%%%%%%%%%%%%%%%%xxxxxxxx%%%%xxxxxxxxxxxxxxxxxxxxxxxxttt           x        
%~~~~~~~~~~~~%%%%%%%%%%%%%%%%%%%%%%%xxxxxxxx11111xxxxxxxttttttttttttt      x   x x                  
%~~~~~%%%%%%%%%%%%%%%%%%%%%%%xxxxxxxxxxxxxxx11111xxxttttt               x             xx            
%~~%%%%%%%%%%%%xxxxxxxxxxxxxxxxxxtttttttttttttxttttttxtx   ^^^                  x                   
%%%%%%%%xxxxxxxxxxttttttttttt                         xt    ^***   ~~       x                       
%%xxxxxxtttttt                    x          x        x       *    ~~~         xx   x    tx         
%44444xxxxxxxtt                                          x                   x                      
 44444xxtt                      x                                                 x                 
   x               x                            xx                                                  
                                         x                                                      x   
                                                                          xx                        
                                                                                                    
                                                                                       66666        
                                                                                       66666        
x                 xx                   xxx                                    %%                    
                                                                                                    
    99999                                                                                           
    99999                                                                                           
                                                                                                    
                                                                                                    
                                                                                                    
                                                                                                    
                                                                                                    
                                                                                                    
                                                                                                    
                                                                                                    
                                                                                                    
                                                                                                    
                                                                                                    
^^^^^      ^^^^ ^   ^#######################^^^^^       ^^^^^       ^^^###############^^^^^         
^^^#^^^ ^^^^##^^^^ ^^^^###################^^^^^^^^    ^^^^^^#^^    ^^^#####^###########^##^^^       
^####^^^^^^####^^^^^#######^^^^^^^^^^^^^########^^^^ ^^^^^^#^^^^ ^^^^^^^^^^^#^^^^^#^^^^^^^^^^^^^^   
^^^#^^^^^####^^^^##^#########^^^^^^###############^^+^^^^^^##^^^ ^^^###########^^^^^^^^#############
^^^^^^^^^^^^^^^^^^^^^#######^^^^^^^^^^#########^^^^55555^^^^##^^^^^^^^######^^^^^^^^^^^^^^^^^^######
^^^^^^^^^^^^^^^^^^^^^^^^##^^^^^^^^^^^^^^#####^^^^^^55555^^^^^^^^^^^^^^^^^#^^^^^^^^^^^^^^^^^^^^^^###^
^^^^^^^^^^^^^^^      ^^^^^^^^^^^^^^   ^^^^^^^^^^^         ^^^^^^^^^^^^^^##^^^^^^^^^^^^^^^^^^^^^^^^^^
^^^^^^^^^                 ^^^^^          ^^^^^^^            ^^^^^^^^^^^^^^^^^^^^^^^^^^^     ^^^^^^^^
^^^^          .              ^             ^^^                    ^^^^^^^^^^^^^^^                 ^^
^                                           ^                          ^^^^^^^                      
                                                                            ^                       
~~x                                                                                                 
~~~x                         ***                                                                    
~~~xTt                        *                                                         %%          
~%xtttt                                                            x                                
% x    x                                                                                            
 t           t                                                              T                       
    x            x                                                     xx                  77777    
88888                                                  $                x                  77777    
88888  %                              x                        x                                    
           t                                                                                        
                                                                                                    
####               #######                             ##       #^^^^^###                ###        
#########*****######################*****^^^^^^^^^^^^^^^^##########^^^^^^^####################   ###
#######***************#######################^^^^^^^^##################^^^^^###################+####